Listing 'src'...
Listing 'src\\audio'...
Listing 'src\\core'...
Compiling 'src\\core\\command_registry.py'...
***   File "src\core\command_registry.py", line 208
    help_text="Step out of cover and stand up, ending the hiding posture."
              
SyntaxError: invalid syntax. Perhaps you forgot a comma?

Listing 'src\\entities'...
Listing 'src\\process'...
Listing 'src\\systems'...
Listing 'src\\ui'...
